build	Set up job	﻿2026-01-10T14:51:56.4437416Z Current runner version: '2.330.0'
build	Set up job	2026-01-10T14:51:56.4472719Z ##[group]Runner Image Provisioner
build	Set up job	2026-01-10T14:51:56.4473954Z Hosted Compute Agent
build	Set up job	2026-01-10T14:51:56.4475032Z Version: 20251211.462
build	Set up job	2026-01-10T14:51:56.4476040Z Commit: 6cbad8c2bb55d58165063d031ccabf57e2d2db61
build	Set up job	2026-01-10T14:51:56.4477427Z Build Date: 2025-12-11T16:28:49Z
build	Set up job	2026-01-10T14:51:56.4478738Z Worker ID: {243450c4-06e0-4db9-a1e4-afaf2ebbd5d7}
build	Set up job	2026-01-10T14:51:56.4479919Z ##[endgroup]
build	Set up job	2026-01-10T14:51:56.4480947Z ##[group]Operating System
build	Set up job	2026-01-10T14:51:56.4481923Z Ubuntu
build	Set up job	2026-01-10T14:51:56.4482702Z 24.04.3
build	Set up job	2026-01-10T14:51:56.4483350Z LTS
build	Set up job	2026-01-10T14:51:56.4484184Z ##[endgroup]
build	Set up job	2026-01-10T14:51:56.4484983Z ##[group]Runner Image
build	Set up job	2026-01-10T14:51:56.4485940Z Image: ubuntu-24.04
build	Set up job	2026-01-10T14:51:56.4487013Z Version: 20260105.202.1
build	Set up job	2026-01-10T14:51:56.4488701Z Included Software: https://github.com/actions/runner-images/blob/ubuntu24/20260105.202/images/ubuntu/Ubuntu2404-Readme.md
build	Set up job	2026-01-10T14:51:56.4491854Z Image Release: https://github.com/actions/runner-images/releases/tag/ubuntu24%2F20260105.202
build	Set up job	2026-01-10T14:51:56.4494151Z ##[endgroup]
build	Set up job	2026-01-10T14:51:56.4495854Z ##[group]GITHUB_TOKEN Permissions
build	Set up job	2026-01-10T14:51:56.4498982Z Contents: write
build	Set up job	2026-01-10T14:51:56.4500047Z Metadata: read
build	Set up job	2026-01-10T14:51:56.4500830Z ##[endgroup]
build	Set up job	2026-01-10T14:51:56.4504132Z Secret source: Actions
build	Set up job	2026-01-10T14:51:56.4505474Z Prepare workflow directory
build	Set up job	2026-01-10T14:51:56.4980803Z Prepare all required actions
build	Set up job	2026-01-10T14:51:56.5038355Z Getting action download info
build	Set up job	2026-01-10T14:51:56.7783650Z Download action repository 'actions/checkout@v4' (SHA:34e114876b0b11c390a56381ad16ebd13914f8d5)
build	Set up job	2026-01-10T14:51:56.8752801Z Download action repository 'actions/setup-java@v4' (SHA:c1e323688fd81a25caa38c78aa6df2d33d3e20d9)
build	Set up job	2026-01-10T14:51:57.2104397Z Download action repository 'gradle/gradle-build-action@v3' (SHA:ac2d340dc04d9e1113182899e983b5400c17cda1)
build	Set up job	2026-01-10T14:51:57.4346242Z Download action repository 'softprops/action-gh-release@v2' (SHA:a06a81a03ee405af7f2048a818ed3f03bbf83c7b)
build	Set up job	2026-01-10T14:51:57.7231823Z Getting action download info
build	Set up job	2026-01-10T14:51:57.8277220Z Download action repository 'gradle/actions@v3.5.0' (SHA:d9c87d481d55275bb5441eef3fe0e46805f9ef70)
build	Set up job	2026-01-10T14:51:58.5100425Z Complete job name: build
build	Checkout code	﻿2026-01-10T14:51:58.5872864Z ##[group]Run actions/checkout@v4
build	Checkout code	2026-01-10T14:51:58.5873927Z with:
build	Checkout code	2026-01-10T14:51:58.5874432Z   fetch-depth: 0
build	Checkout code	2026-01-10T14:51:58.5875105Z   repository: salmanbappi/icc-ftp
build	Checkout code	2026-01-10T14:51:58.5876058Z   token: ***
build	Checkout code	2026-01-10T14:51:58.5876951Z   ssh-strict: true
build	Checkout code	2026-01-10T14:51:58.5877604Z   ssh-user: git
build	Checkout code	2026-01-10T14:51:58.5878168Z   persist-credentials: true
build	Checkout code	2026-01-10T14:51:58.5878786Z   clean: true
build	Checkout code	2026-01-10T14:51:58.5879401Z   sparse-checkout-cone-mode: true
build	Checkout code	2026-01-10T14:51:58.5880102Z   fetch-tags: false
build	Checkout code	2026-01-10T14:51:58.5880715Z   show-progress: true
build	Checkout code	2026-01-10T14:51:58.5881340Z   lfs: false
build	Checkout code	2026-01-10T14:51:58.5881827Z   submodules: false
build	Checkout code	2026-01-10T14:51:58.5882404Z   set-safe-directory: true
build	Checkout code	2026-01-10T14:51:58.5883406Z ##[endgroup]
build	Checkout code	2026-01-10T14:51:58.7024925Z Syncing repository: salmanbappi/icc-ftp
build	Checkout code	2026-01-10T14:51:58.7027444Z ##[group]Getting Git version info
build	Checkout code	2026-01-10T14:51:58.7028387Z Working directory is '/home/runner/work/icc-ftp/icc-ftp'
build	Checkout code	2026-01-10T14:51:58.7029817Z [command]/usr/bin/git version
build	Checkout code	2026-01-10T14:51:58.7115310Z git version 2.52.0
build	Checkout code	2026-01-10T14:51:58.7142369Z ##[endgroup]
build	Checkout code	2026-01-10T14:51:58.7158988Z Temporarily overriding HOME='/home/runner/work/_temp/7107e042-3ee4-4de7-8d8d-a154ee40fa2c' before making global git config changes
build	Checkout code	2026-01-10T14:51:58.7161247Z Adding repository directory to the temporary git global config as a safe directory
build	Checkout code	2026-01-10T14:51:58.7170991Z [command]/usr/bin/git config --global --add safe.directory /home/runner/work/icc-ftp/icc-ftp
build	Checkout code	2026-01-10T14:51:58.7212108Z Deleting the contents of '/home/runner/work/icc-ftp/icc-ftp'
build	Checkout code	2026-01-10T14:51:58.7215403Z ##[group]Initializing the repository
build	Checkout code	2026-01-10T14:51:58.7219681Z [command]/usr/bin/git init /home/runner/work/icc-ftp/icc-ftp
build	Checkout code	2026-01-10T14:51:58.7345380Z hint: Using 'master' as the name for the initial branch. This default branch name
build	Checkout code	2026-01-10T14:51:58.7347173Z hint: will change to "main" in Git 3.0. To configure the initial branch name
build	Checkout code	2026-01-10T14:51:58.7349579Z hint: to use in all of your new repositories, which will suppress this warning,
build	Checkout code	2026-01-10T14:51:58.7351458Z hint: call:
build	Checkout code	2026-01-10T14:51:58.7352148Z hint:
build	Checkout code	2026-01-10T14:51:58.7352906Z hint: 	git config --global init.defaultBranch <name>
build	Checkout code	2026-01-10T14:51:58.7353713Z hint:
build	Checkout code	2026-01-10T14:51:58.7354440Z hint: Names commonly chosen instead of 'master' are 'main', 'trunk' and
build	Checkout code	2026-01-10T14:51:58.7355794Z hint: 'development'. The just-created branch can be renamed via this command:
build	Checkout code	2026-01-10T14:51:58.7357692Z hint:
build	Checkout code	2026-01-10T14:51:58.7358164Z hint: 	git branch -m <name>
build	Checkout code	2026-01-10T14:51:58.7358708Z hint:
build	Checkout code	2026-01-10T14:51:58.7359510Z hint: Disable this message with "git config set advice.defaultBranchName false"
build	Checkout code	2026-01-10T14:51:58.7360991Z Initialized empty Git repository in /home/runner/work/icc-ftp/icc-ftp/.git/
build	Checkout code	2026-01-10T14:51:58.7363819Z [command]/usr/bin/git remote add origin https://github.com/salmanbappi/icc-ftp
build	Checkout code	2026-01-10T14:51:58.7398420Z ##[endgroup]
build	Checkout code	2026-01-10T14:51:58.7399339Z ##[group]Disabling automatic garbage collection
build	Checkout code	2026-01-10T14:51:58.7402040Z [command]/usr/bin/git config --local gc.auto 0
build	Checkout code	2026-01-10T14:51:58.7430101Z ##[endgroup]
build	Checkout code	2026-01-10T14:51:58.7430910Z ##[group]Setting up auth
build	Checkout code	2026-01-10T14:51:58.7436626Z [command]/usr/bin/git config --local --name-only --get-regexp core\.sshCommand
build	Checkout code	2026-01-10T14:51:58.7466189Z [command]/usr/bin/git submodule foreach --recursive sh -c "git config --local --name-only --get-regexp 'core\.sshCommand' && git config --local --unset-all 'core.sshCommand' || :"
build	Checkout code	2026-01-10T14:51:58.7825609Z [command]/usr/bin/git config --local --name-only --get-regexp http\.https\:\/\/github\.com\/\.extraheader
build	Checkout code	2026-01-10T14:51:58.7859068Z [command]/usr/bin/git submodule foreach --recursive sh -c "git config --local --name-only --get-regexp 'http\.https\:\/\/github\.com\/\.extraheader' && git config --local --unset-all 'http.https://github.com/.extraheader' || :"
build	Checkout code	2026-01-10T14:51:58.8079784Z [command]/usr/bin/git config --local --name-only --get-regexp ^includeIf\.gitdir:
build	Checkout code	2026-01-10T14:51:58.8113612Z [command]/usr/bin/git submodule foreach --recursive git config --local --show-origin --name-only --get-regexp remote.origin.url
build	Checkout code	2026-01-10T14:51:58.8346367Z [command]/usr/bin/git config --local http.https://github.com/.extraheader AUTHORIZATION: basic ***
build	Checkout code	2026-01-10T14:51:58.8381171Z ##[endgroup]
build	Checkout code	2026-01-10T14:51:58.8382733Z ##[group]Fetching the repository
build	Checkout code	2026-01-10T14:51:58.8391647Z [command]/usr/bin/git -c protocol.version=2 fetch --prune --no-recurse-submodules origin +refs/heads/*:refs/remotes/origin/* +refs/tags/*:refs/tags/*
build	Checkout code	2026-01-10T14:51:59.2172604Z From https://github.com/salmanbappi/icc-ftp
build	Checkout code	2026-01-10T14:51:59.2174708Z  * [new branch]      main       -> origin/main
build	Checkout code	2026-01-10T14:51:59.2176181Z  * [new tag]         v1.1       -> v1.1
build	Checkout code	2026-01-10T14:51:59.2177409Z  * [new tag]         v14.1001   -> v14.1001
build	Checkout code	2026-01-10T14:51:59.2178304Z  * [new tag]         v14.1002   -> v14.1002
build	Checkout code	2026-01-10T14:51:59.2179192Z  * [new tag]         v14.1003   -> v14.1003
build	Checkout code	2026-01-10T14:51:59.2180047Z  * [new tag]         v14.1004   -> v14.1004
build	Checkout code	2026-01-10T14:51:59.2180934Z  * [new tag]         v14.1005   -> v14.1005
build	Checkout code	2026-01-10T14:51:59.2181788Z  * [new tag]         v14.1006   -> v14.1006
build	Checkout code	2026-01-10T14:51:59.2182638Z  * [new tag]         v14.1009   -> v14.1009
build	Checkout code	2026-01-10T14:51:59.2183493Z  * [new tag]         v14.1010   -> v14.1010
build	Checkout code	2026-01-10T14:51:59.2184338Z  * [new tag]         v14.1011   -> v14.1011
build	Checkout code	2026-01-10T14:51:59.2185190Z  * [new tag]         v14.1012   -> v14.1012
build	Checkout code	2026-01-10T14:51:59.2282625Z [command]/usr/bin/git branch --list --remote origin/main
build	Checkout code	2026-01-10T14:51:59.2306154Z   origin/main
build	Checkout code	2026-01-10T14:51:59.2314741Z [command]/usr/bin/git rev-parse refs/remotes/origin/main
build	Checkout code	2026-01-10T14:51:59.2333617Z 70bb82a95396a55359167b0c2f70831962e2257d
build	Checkout code	2026-01-10T14:51:59.2339038Z ##[endgroup]
build	Checkout code	2026-01-10T14:51:59.2340517Z ##[group]Determining the checkout info
build	Checkout code	2026-01-10T14:51:59.2341970Z ##[endgroup]
build	Checkout code	2026-01-10T14:51:59.2343423Z [command]/usr/bin/git sparse-checkout disable
build	Checkout code	2026-01-10T14:51:59.2382000Z [command]/usr/bin/git config --local --unset-all extensions.worktreeConfig
build	Checkout code	2026-01-10T14:51:59.2407995Z ##[group]Checking out the ref
build	Checkout code	2026-01-10T14:51:59.2411860Z [command]/usr/bin/git checkout --progress --force -B main refs/remotes/origin/main
build	Checkout code	2026-01-10T14:51:59.3693774Z Switched to a new branch 'main'
build	Checkout code	2026-01-10T14:51:59.3695822Z branch 'main' set up to track 'origin/main'.
build	Checkout code	2026-01-10T14:51:59.3711082Z ##[endgroup]
build	Checkout code	2026-01-10T14:51:59.3748797Z [command]/usr/bin/git log -1 --format=%H
build	Checkout code	2026-01-10T14:51:59.3769779Z 70bb82a95396a55359167b0c2f70831962e2257d
build	Auto Bump Version	﻿2026-01-10T14:51:59.3972035Z ##[group]Run .github/scripts/bump_gradle_version.sh
build	Auto Bump Version	2026-01-10T14:51:59.3973491Z [36;1m.github/scripts/bump_gradle_version.sh[0m
build	Auto Bump Version	2026-01-10T14:51:59.3974941Z [36;1mgit config --global user.email "action@github.com"[0m
build	Auto Bump Version	2026-01-10T14:51:59.3976807Z [36;1mgit config --global user.name "GitHub Action"[0m
build	Auto Bump Version	2026-01-10T14:51:59.3978144Z [36;1mgit add app/build.gradle[0m
build	Auto Bump Version	2026-01-10T14:51:59.3979679Z [36;1mgit commit -m "Auto-bump version [skip ci]" || echo "No changes to commit"[0m
build	Auto Bump Version	2026-01-10T14:51:59.3981476Z [36;1mgit push origin main || echo "No changes to push"[0m
build	Auto Bump Version	2026-01-10T14:51:59.4022674Z shell: /usr/bin/bash -e {0}
build	Auto Bump Version	2026-01-10T14:51:59.4024333Z ##[endgroup]
build	Auto Bump Version	2026-01-10T14:51:59.4245773Z Bumped Gradle version: 14.1012 (1012) -> 14.1013 (1013)
build	Auto Bump Version	2026-01-10T14:51:59.5777605Z [main 0436d17] Auto-bump version [skip ci]
build	Auto Bump Version	2026-01-10T14:51:59.5779768Z  1 file changed, 2 insertions(+), 2 deletions(-)
build	Auto Bump Version	2026-01-10T14:51:59.9830617Z To https://github.com/salmanbappi/icc-ftp
build	Auto Bump Version	2026-01-10T14:51:59.9834120Z    70bb82a..0436d17  main -> main
build	Set up JDK 17	﻿2026-01-10T14:52:00.0079687Z ##[group]Run actions/setup-java@v4
build	Set up JDK 17	2026-01-10T14:52:00.0080688Z with:
build	Set up JDK 17	2026-01-10T14:52:00.0081384Z   java-version: 17
build	Set up JDK 17	2026-01-10T14:52:00.0082171Z   distribution: temurin
build	Set up JDK 17	2026-01-10T14:52:00.0082961Z   cache: gradle
build	Set up JDK 17	2026-01-10T14:52:00.0083697Z   java-package: jdk
build	Set up JDK 17	2026-01-10T14:52:00.0084457Z   check-latest: false
build	Set up JDK 17	2026-01-10T14:52:00.0085237Z   server-id: github
build	Set up JDK 17	2026-01-10T14:52:00.0086003Z   server-username: GITHUB_ACTOR
build	Set up JDK 17	2026-01-10T14:52:00.0087144Z   server-password: GITHUB_TOKEN
build	Set up JDK 17	2026-01-10T14:52:00.0088055Z   overwrite-settings: true
build	Set up JDK 17	2026-01-10T14:52:00.0088895Z   job-status: success
build	Set up JDK 17	2026-01-10T14:52:00.0089932Z   token: ***
build	Set up JDK 17	2026-01-10T14:52:00.0090637Z ##[endgroup]
build	Set up JDK 17	2026-01-10T14:52:00.2111582Z ##[group]Installed distributions
build	Set up JDK 17	2026-01-10T14:52:00.2263066Z Resolved Java 17.0.17+10 from tool-cache
build	Set up JDK 17	2026-01-10T14:52:00.2265021Z Setting Java 17.0.17+10 as the default
build	Set up JDK 17	2026-01-10T14:52:00.2278288Z Creating toolchains.xml for JDK version 17 from temurin
build	Set up JDK 17	2026-01-10T14:52:00.2356990Z Writing to /home/runner/.m2/toolchains.xml
build	Set up JDK 17	2026-01-10T14:52:00.2358453Z 
build	Set up JDK 17	2026-01-10T14:52:00.2359010Z Java configuration:
build	Set up JDK 17	2026-01-10T14:52:00.2360323Z   Distribution: temurin
build	Set up JDK 17	2026-01-10T14:52:00.2362396Z   Version: 17.0.17+10
build	Set up JDK 17	2026-01-10T14:52:00.2364350Z   Path: /opt/hostedtoolcache/Java_Temurin-Hotspot_jdk/17.0.17-10/x64
build	Set up JDK 17	2026-01-10T14:52:00.2366095Z 
build	Set up JDK 17	2026-01-10T14:52:00.2367868Z ##[endgroup]
build	Set up JDK 17	2026-01-10T14:52:00.2386285Z Creating settings.xml with server-id: github
build	Set up JDK 17	2026-01-10T14:52:00.2387826Z Writing to /home/runner/.m2/settings.xml
build	Set up JDK 17	2026-01-10T14:52:00.7153558Z gradle cache is not found
build	Build with Gradle	﻿2026-01-10T14:52:00.7807329Z ##[group]Run gradle/gradle-build-action@v3
build	Build with Gradle	2026-01-10T14:52:00.7808358Z with:
build	Build with Gradle	2026-01-10T14:52:00.7809013Z   gradle-version: 8.5
build	Build with Gradle	2026-01-10T14:52:00.7809787Z   arguments: :app:assembleRelease
build	Build with Gradle	2026-01-10T14:52:00.7810632Z   cache-disabled: false
build	Build with Gradle	2026-01-10T14:52:00.7811380Z   cache-read-only: false
build	Build with Gradle	2026-01-10T14:52:00.7812159Z   cache-write-only: false
build	Build with Gradle	2026-01-10T14:52:00.7812957Z   cache-overwrite-existing: false
build	Build with Gradle	2026-01-10T14:52:00.7813927Z   gradle-home-cache-includes: caches
build	Build with Gradle	notifications
build	Build with Gradle	
build	Build with Gradle	2026-01-10T14:52:00.7814959Z   gradle-home-cache-cleanup: false
build	Build with Gradle	2026-01-10T14:52:00.7816021Z   add-job-summary: always
build	Build with Gradle	2026-01-10T14:52:00.7816994Z   add-job-summary-as-pr-comment: never
build	Build with Gradle	2026-01-10T14:52:00.7817908Z   dependency-graph: disabled
build	Build with Gradle	2026-01-10T14:52:00.7818800Z   dependency-graph-continue-on-failure: true
build	Build with Gradle	2026-01-10T14:52:00.7819742Z   build-scan-publish: false
build	Build with Gradle	2026-01-10T14:52:00.7820543Z   validate-wrappers: false
build	Build with Gradle	2026-01-10T14:52:00.7821343Z   generate-job-summary: true
build	Build with Gradle	2026-01-10T14:52:00.7822186Z   gradle-home-cache-strict-match: false
build	Build with Gradle	2026-01-10T14:52:00.7823124Z   workflow-job-context: null
build	Build with Gradle	2026-01-10T14:52:00.7824215Z   github-token: ***
build	Build with Gradle	2026-01-10T14:52:00.7824881Z env:
build	Build with Gradle	2026-01-10T14:52:00.7825797Z   JAVA_HOME: /opt/hostedtoolcache/Java_Temurin-Hotspot_jdk/17.0.17-10/x64
build	Build with Gradle	2026-01-10T14:52:00.7827432Z   JAVA_HOME_17_X64: /opt/hostedtoolcache/Java_Temurin-Hotspot_jdk/17.0.17-10/x64
build	Build with Gradle	2026-01-10T14:52:00.7828589Z ##[endgroup]
build	Build with Gradle	2026-01-10T14:52:00.8090661Z ##[group]Run gradle/actions/setup-gradle@v3.5.0
build	Build with Gradle	2026-01-10T14:52:00.8091594Z with:
build	Build with Gradle	2026-01-10T14:52:00.8092244Z   gradle-version: 8.5
build	Build with Gradle	2026-01-10T14:52:00.8092983Z   cache-disabled: false
build	Build with Gradle	2026-01-10T14:52:00.8093738Z   cache-read-only: false
build	Build with Gradle	2026-01-10T14:52:00.8094504Z   cache-write-only: false
build	Build with Gradle	2026-01-10T14:52:00.8095310Z   cache-overwrite-existing: false
build	Build with Gradle	2026-01-10T14:52:00.8096269Z   gradle-home-cache-includes: caches
build	Build with Gradle	notifications
build	Build with Gradle	
build	Build with Gradle	2026-01-10T14:52:00.8097470Z   gradle-home-cache-cleanup: false
build	Build with Gradle	2026-01-10T14:52:00.8098335Z   add-job-summary: always
build	Build with Gradle	2026-01-10T14:52:00.8099175Z   add-job-summary-as-pr-comment: never
build	Build with Gradle	2026-01-10T14:52:00.8100094Z   dependency-graph: disabled
build	Build with Gradle	2026-01-10T14:52:00.8101109Z   dependency-graph-continue-on-failure: true
build	Build with Gradle	2026-01-10T14:52:00.8102648Z   build-scan-publish: false
build	Build with Gradle	2026-01-10T14:52:00.8103711Z   validate-wrappers: false
build	Build with Gradle	2026-01-10T14:52:00.8104510Z   generate-job-summary: true
build	Build with Gradle	2026-01-10T14:52:00.8105328Z   arguments: :app:assembleRelease
build	Build with Gradle	2026-01-10T14:52:00.8106194Z   gradle-home-cache-strict-match: false
build	Build with Gradle	2026-01-10T14:52:00.8107229Z   workflow-job-context: null
build	Build with Gradle	2026-01-10T14:52:00.8108355Z   github-token: ***
build	Build with Gradle	2026-01-10T14:52:00.8109025Z env:
build	Build with Gradle	2026-01-10T14:52:00.8109931Z   JAVA_HOME: /opt/hostedtoolcache/Java_Temurin-Hotspot_jdk/17.0.17-10/x64
build	Build with Gradle	2026-01-10T14:52:00.8111376Z   JAVA_HOME_17_X64: /opt/hostedtoolcache/Java_Temurin-Hotspot_jdk/17.0.17-10/x64
build	Build with Gradle	2026-01-10T14:52:00.8112638Z   GRADLE_ACTION_ID: gradle/gradle-build-action
build	Build with Gradle	2026-01-10T14:52:00.8113519Z ##[endgroup]
build	Build with Gradle	2026-01-10T14:52:02.2394485Z Merged default JDK locations into /home/runner/.m2/toolchains.xml
build	Build with Gradle	2026-01-10T14:52:02.2397141Z ##[group]Restore Gradle state from cache
build	Build with Gradle	2026-01-10T14:52:02.3568343Z ##[warning]Failed to restore gradle-home-v1|Linux|build[057a865336df404a31c075465d1b92dd]-70bb82a95396a55359167b0c2f70831962e2257d: Error: Cache service responded with 400
build	Build with Gradle	2026-01-10T14:52:02.3628790Z Gradle User Home cache not found. Will initialize empty.
build	Build with Gradle	2026-01-10T14:52:02.3629845Z ##[endgroup]
build	Build with Gradle	2026-01-10T14:52:02.4304079Z ##[group]Provision Gradle 8.5
build	Build with Gradle	2026-01-10T14:52:02.4779793Z ##[warning]Restore Gradle distribution 8.5 failed: Error: Cache service responded with 400
build	Build with Gradle	2026-01-10T14:52:02.4781312Z Gradle distribution 8.5 not found in cache. Will download.
build	Build with Gradle	2026-01-10T14:52:03.2167660Z Downloaded https://services.gradle.org/distributions/gradle-8.5-bin.zip to /home/runner/gradle-installations/downloads/gradle-8.5-bin.zip (size 132519731)
build	Build with Gradle	2026-01-10T14:52:03.2296150Z [command]/usr/bin/tar --posix -cf cache.tzst --exclude cache.tzst -P -C /home/runner/work/icc-ftp/icc-ftp --files-from manifest.txt --use-compress-program zstdmt
build	Build with Gradle	2026-01-10T14:52:03.4495985Z ##[warning]Save Gradle distribution 8.5 failed: Error: <h2>Our services aren't available right now</h2><p>We're working to restore all services as soon as possible. Please check back soon.</p>0k2diaQAAAAC5gtd5bXGUQ5m7A4RzjH3DUEhMMzBFREdFMDIxNgBFZGdl
build	Build with Gradle	2026-01-10T14:52:03.4513071Z [command]/usr/bin/unzip -o -q /home/runner/gradle-installations/downloads/gradle-8.5-bin.zip
build	Build with Gradle	2026-01-10T14:52:04.4433909Z Extracted Gradle 8.5 to /home/runner/gradle-installations/installs/gradle-8.5
build	Build with Gradle	2026-01-10T14:52:04.4435608Z Provisioned Gradle executable /home/runner/gradle-installations/installs/gradle-8.5/bin/gradle
build	Build with Gradle	2026-01-10T14:52:04.4436913Z ##[endgroup]
build	Build with Gradle	2026-01-10T14:52:04.4441523Z [command]/home/runner/gradle-installations/installs/gradle-8.5/bin/gradle :app:assembleRelease
build	Build with Gradle	2026-01-10T14:52:05.4074564Z 
build	Build with Gradle	2026-01-10T14:52:05.4075196Z Welcome to Gradle 8.5!
build	Build with Gradle	2026-01-10T14:52:05.4075496Z 
build	Build with Gradle	2026-01-10T14:52:05.4075662Z Here are the highlights of this release:
build	Build with Gradle	2026-01-10T14:52:05.4076166Z  - Support for running on Java 21
build	Build with Gradle	2026-01-10T14:52:05.4076878Z  - Faster first use with Kotlin DSL
build	Build with Gradle	2026-01-10T14:52:05.4077305Z  - Improved error and warning messages
build	Build with Gradle	2026-01-10T14:52:05.4077584Z 
build	Build with Gradle	2026-01-10T14:52:05.4077885Z For more details see https://docs.gradle.org/8.5/release-notes.html
build	Build with Gradle	2026-01-10T14:52:05.4078347Z 
build	Build with Gradle	2026-01-10T14:52:05.9001993Z Starting a Gradle Daemon (subsequent builds will be faster)
build	Build with Gradle	2026-01-10T14:52:45.9024440Z > Task :buildSrc:checkKotlinGradlePluginConfigurationErrors
build	Build with Gradle	2026-01-10T14:52:50.4027792Z > Task :buildSrc:generateExternalPluginSpecBuilders
build	Build with Gradle	2026-01-10T14:52:50.4030861Z > Task :buildSrc:extractPrecompiledScriptPluginPlugins
build	Build with Gradle	2026-01-10T14:52:52.3004288Z > Task :buildSrc:compilePluginsBlocks
build	Build with Gradle	2026-01-10T14:53:14.7003233Z > Task :buildSrc:generatePrecompiledScriptPluginAccessors
build	Build with Gradle	2026-01-10T14:53:14.8004361Z > Task :buildSrc:generateScriptPluginAdapters
build	Build with Gradle	2026-01-10T14:53:21.2031212Z > Task :buildSrc:pluginDescriptors
build	Build with Gradle	2026-01-10T14:53:21.3002954Z > Task :buildSrc:processResources
build	Build with Gradle	2026-01-10T14:53:44.8037693Z > Task :buildSrc:compileKotlin
build	Build with Gradle	2026-01-10T14:53:52.6013541Z > Task :buildSrc:compileJava NO-SOURCE
build	Build with Gradle	2026-01-10T14:53:52.6044207Z > Task :buildSrc:compileGroovy NO-SOURCE
build	Build with Gradle	2026-01-10T14:53:52.6045086Z > Task :buildSrc:classes
build	Build with Gradle	2026-01-10T14:53:52.8999767Z > Task :buildSrc:jar
build	Build with Gradle	2026-01-10T14:54:02.8000983Z 
build	Build with Gradle	2026-01-10T14:54:02.8007643Z > Configure project :app
build	Build with Gradle	2026-01-10T14:54:02.8014072Z WARNING: The option setting 'android.enableBuildConfigAsBytecode=true' is experimental.
build	Build with Gradle	2026-01-10T14:54:02.8023606Z The current default is 'false'.
build	Build with Gradle	2026-01-10T14:54:10.5001711Z 
build	Build with Gradle	2026-01-10T14:54:10.5003681Z > Task :core:preBuild UP-TO-DATE
build	Build with Gradle	2026-01-10T14:54:10.5007900Z > Task :core:preReleaseBuild UP-TO-DATE
build	Build with Gradle	2026-01-10T14:54:10.5008275Z > Task :core:generateReleaseEmptyResourceFiles
build	Build with Gradle	2026-01-10T14:54:10.5008662Z > Task :core:checkKotlinGradlePluginConfigurationErrors SKIPPED
build	Build with Gradle	2026-01-10T14:54:10.8001461Z > Task :core:processReleaseManifest
build	Build with Gradle	2026-01-10T14:54:10.9000635Z > Task :core:writeReleaseAarMetadata
build	Build with Gradle	2026-01-10T14:54:13.4999404Z > Task :app:buildKotlinToolingMetadata
build	Build with Gradle	2026-01-10T14:54:13.5000470Z > Task :app:checkKotlinGradlePluginConfigurationErrors SKIPPED
build	Build with Gradle	2026-01-10T14:54:13.5001157Z > Task :app:preBuild UP-TO-DATE
build	Build with Gradle	2026-01-10T14:54:13.5001636Z > Task :app:preReleaseBuild UP-TO-DATE
build	Build with Gradle	2026-01-10T14:54:13.6001331Z > Task :app:checkReleaseAarMetadata
build	Build with Gradle	2026-01-10T14:54:13.6999709Z > Task :app:mapReleaseSourceSetPaths
build	Build with Gradle	2026-01-10T14:54:13.7000577Z > Task :app:generateReleaseResources UP-TO-DATE
build	Build with Gradle	2026-01-10T14:54:14.5000440Z > Task :app:packageReleaseResources
build	Build with Gradle	2026-01-10T14:54:14.9014206Z > Task :app:parseReleaseLocalResources
build	Build with Gradle	2026-01-10T14:54:14.9015053Z > Task :app:createReleaseCompatibleScreenManifests
build	Build with Gradle	2026-01-10T14:54:14.9047172Z > Task :app:extractDeepLinksRelease
build	Build with Gradle	2026-01-10T14:54:14.9047672Z > Task :app:processReleaseMainManifest
build	Build with Gradle	2026-01-10T14:54:15.0002623Z > Task :app:processReleaseManifest
build	Build with Gradle	2026-01-10T14:54:15.1006861Z > Task :app:javaPreCompileRelease
build	Build with Gradle	2026-01-10T14:54:15.1007747Z > Task :app:extractProguardFiles
build	Build with Gradle	2026-01-10T14:54:15.1008180Z > Task :app:mergeReleaseJniLibFolders
build	Build with Gradle	2026-01-10T14:54:15.3001546Z > Task :app:mergeReleaseResources
build	Build with Gradle	2026-01-10T14:54:15.3002348Z > Task :app:checkReleaseDuplicateClasses
build	Build with Gradle	2026-01-10T14:54:15.7050234Z > Task :app:desugarReleaseFileDependencies
build	Build with Gradle	2026-01-10T14:54:28.5005630Z > Task :core:javaPreCompileRelease FROM-CACHE
build	Build with Gradle	2026-01-10T14:54:28.5006698Z > Task :core:mergeReleaseJniLibFolders FROM-CACHE
build	Build with Gradle	2026-01-10T14:54:28.5007475Z > Task :core:mergeReleaseNativeLibs NO-SOURCE
build	Build with Gradle	2026-01-10T14:54:28.5008602Z > Task :core:stripReleaseDebugSymbols NO-SOURCE
build	Build with Gradle	2026-01-10T14:54:28.6048022Z > Task :core:generateReleaseAssets UP-TO-DATE
build	Build with Gradle	2026-01-10T14:54:28.6048936Z > Task :core:copyReleaseJniLibsProjectAndLocalJars
build	Build with Gradle	2026-01-10T14:54:28.6049739Z > Task :core:packageReleaseAssets FROM-CACHE
build	Build with Gradle	2026-01-10T14:54:28.6050428Z > Task :core:prepareReleaseArtProfile
build	Build with Gradle	2026-01-10T14:54:28.6051064Z > Task :core:prepareLintJarForPublish
build	Build with Gradle	2026-01-10T14:54:28.6051656Z > Task :core:extractProguardFiles
build	Build with Gradle	2026-01-10T14:54:28.6052297Z > Task :core:writeReleaseLintModelMetadata
build	Build with Gradle	2026-01-10T14:54:28.7030272Z > Task :core:copyReleaseJniLibsProjectOnly
build	Build with Gradle	2026-01-10T14:54:34.6003183Z > Task :app:processReleaseManifestForPackage
build	Build with Gradle	2026-01-10T14:54:34.6027289Z > Task :app:mergeReleaseNativeLibs
build	Build with Gradle	2026-01-10T14:54:34.9012693Z > Task :app:mergeReleaseArtProfile
build	Build with Gradle	2026-01-10T14:54:34.9054497Z > Task :app:generateReleaseAssets UP-TO-DATE
build	Build with Gradle	2026-01-10T14:54:34.9054929Z 
build	Build with Gradle	2026-01-10T14:54:34.9055103Z > Task :app:stripReleaseDebugSymbols
build	Build with Gradle	2026-01-10T14:54:34.9056019Z Unable to strip the following libraries, packaging them as they are: libquickjs.so.
build	Build with Gradle	2026-01-10T14:54:34.9056813Z 
build	Build with Gradle	2026-01-10T14:54:34.9057015Z > Task :app:mergeReleaseAssets FROM-CACHE
build	Build with Gradle	2026-01-10T14:54:35.0011038Z > Task :app:extractReleaseNativeSymbolTables
build	Build with Gradle	2026-01-10T14:54:35.0012087Z > Task :app:compressReleaseAssets
build	Build with Gradle	2026-01-10T14:54:35.0012895Z > Task :app:mergeReleaseNativeDebugMetadata NO-SOURCE
build	Build with Gradle	2026-01-10T14:54:35.1010534Z > Task :app:processReleaseResources
build	Build with Gradle	2026-01-10T14:54:35.1014777Z > Task :app:collectReleaseDependencies
build	Build with Gradle	2026-01-10T14:54:35.4014692Z > Task :app:sdkReleaseDependencyData
build	Build with Gradle	2026-01-10T14:54:35.4015285Z > Task :app:validateSigningRelease
build	Build with Gradle	2026-01-10T14:54:35.4015743Z > Task :app:writeReleaseAppMetadata
build	Build with Gradle	2026-01-10T14:54:35.4016226Z > Task :app:writeReleaseSigningConfigVersions
build	Build with Gradle	2026-01-10T14:54:35.5004537Z > Task :app:optimizeReleaseResources
build	Build with Gradle	2026-01-10T14:54:37.4002200Z > Task :app:mergeExtDexRelease
build	Build with Gradle	2026-01-10T14:54:40.5004051Z > Task :core:compileReleaseKotlin
build	Build with Gradle	2026-01-10T14:54:41.1031453Z w: file:///home/runner/work/icc-ftp/icc-ftp/core/src/main/kotlin/extensions/utils/Json.kt:26:16 This declaration needs opt-in. Its usage should be marked with '@kotlinx.serialization.ExperimentalSerializationApi' or '@OptIn(kotlinx.serialization.ExperimentalSerializationApi::class)'
build	Build with Gradle	2026-01-10T14:54:41.1033554Z 
build	Build with Gradle	2026-01-10T14:54:41.1033787Z > Task :core:compileReleaseJavaWithJavac NO-SOURCE
build	Build with Gradle	2026-01-10T14:54:41.1034323Z > Task :core:processReleaseJavaRes
build	Build with Gradle	2026-01-10T14:54:41.2003605Z > Task :core:bundleLibRuntimeToJarRelease
build	Build with Gradle	2026-01-10T14:54:41.2006899Z > Task :core:bundleLibCompileToJarRelease
build	Build with Gradle	2026-01-10T14:54:46.4001855Z > Task :app:compileReleaseKotlin
build	Build with Gradle	2026-01-10T14:54:46.4005922Z > Task :app:compileReleaseJavaWithJavac NO-SOURCE
build	Build with Gradle	2026-01-10T14:54:46.7005422Z > Task :app:dexBuilderRelease
build	Build with Gradle	2026-01-10T14:54:46.7010075Z > Task :app:mergeReleaseGlobalSynthetics
build	Build with Gradle	2026-01-10T14:54:46.7010948Z > Task :app:processReleaseJavaRes
build	Build with Gradle	2026-01-10T14:54:47.0004962Z > Task :app:mergeReleaseJavaResource
build	Build with Gradle	2026-01-10T14:54:47.7001164Z > Task :app:mergeDexRelease
build	Build with Gradle	2026-01-10T14:54:47.7005155Z > Task :app:compileReleaseArtProfile
build	Build with Gradle	2026-01-10T14:54:48.2018254Z > Task :core:extractReleaseAnnotations
build	Build with Gradle	2026-01-10T14:54:48.2019115Z > Task :core:createFullJarRelease
build	Build with Gradle	2026-01-10T14:54:48.2038346Z > Task :core:mergeReleaseGeneratedProguardFiles
build	Build with Gradle	2026-01-10T14:54:48.2039542Z > Task :core:mergeReleaseConsumerProguardFiles
build	Build with Gradle	2026-01-10T14:54:48.2040426Z > Task :core:mergeReleaseJavaResource
build	Build with Gradle	2026-01-10T14:54:48.4022584Z > Task :app:packageRelease
build	Build with Gradle	2026-01-10T14:54:48.4023464Z > Task :app:createReleaseApkListingFileRedirect
build	Build with Gradle	2026-01-10T14:54:49.1007510Z > Task :core:generateReleaseLintVitalModel
build	Build with Gradle	2026-01-10T14:54:49.1010730Z > Task :core:syncReleaseLibJars
build	Build with Gradle	2026-01-10T14:54:49.1013383Z > Task :core:bundleReleaseLocalLintAar
build	Build with Gradle	2026-01-10T14:54:49.3017767Z > Task :core:generateReleaseLintModel
build	Build with Gradle	2026-01-10T14:54:49.3020638Z > Task :app:generateReleaseLintVitalReportModel
build	Build with Gradle	2026-01-10T14:54:51.6002368Z 
build	Build with Gradle	2026-01-10T14:54:51.6007439Z > Task :core:lintVitalAnalyzeRelease
build	Build with Gradle	2026-01-10T14:54:51.6015711Z e: file:///home/runner/.gradle/caches/transforms-3/9dc136b19067164b437d12ee782bb3bb/transformed/okhttp-release/jars/classes.jar!/META-INF/okhttp_release.kotlin_moduleModule was compiled with an incompatible version of Kotlin. The binary version of its metadata is 2.1.0, expected version is 1.9.0.
build	Build with Gradle	2026-01-10T14:54:51.6019869Z e: file:///home/runner/.gradle/caches/modules-2/files-2.1/com.squareup.okio/okio-jvm/3.12.0/a03d717896d3058293f60e71a0459d6813fbbae6/okio-jvm-3.12.0.jar!/META-INF/okio.kotlin_moduleModule was compiled with an incompatible version of Kotlin. The binary version of its metadata is 2.1.0, expected version is 1.9.0.
build	Build with Gradle	2026-01-10T14:54:56.3008804Z 
build	Build with Gradle	2026-01-10T14:54:56.3013973Z > Task :app:lintVitalAnalyzeRelease
build	Build with Gradle	2026-01-10T14:54:56.3048661Z e: file:///home/runner/.gradle/caches/transforms-3/9dc136b19067164b437d12ee782bb3bb/transformed/okhttp-release/jars/classes.jar!/META-INF/okhttp_release.kotlin_moduleModule was compiled with an incompatible version of Kotlin. The binary version of its metadata is 2.1.0, expected version is 1.9.0.
build	Build with Gradle	2026-01-10T14:54:56.3052837Z e: file:///home/runner/.gradle/caches/modules-2/files-2.1/com.squareup.okio/okio-jvm/3.12.0/a03d717896d3058293f60e71a0459d6813fbbae6/okio-jvm-3.12.0.jar!/META-INF/okio.kotlin_moduleModule was compiled with an incompatible version of Kotlin. The binary version of its metadata is 2.1.0, expected version is 1.9.0.
build	Build with Gradle	2026-01-10T14:54:57.5998896Z 
build	Build with Gradle	2026-01-10T14:54:57.6004210Z > Task :app:lintVitalReportRelease
build	Build with Gradle	2026-01-10T14:54:57.6004899Z > Task :app:lintVitalRelease
build	Build with Gradle	2026-01-10T14:54:57.6005515Z > Task :app:assembleRelease
build	Build with Gradle	2026-01-10T14:54:57.6005999Z 
build	Build with Gradle	2026-01-10T14:54:57.6006286Z BUILD SUCCESSFUL in 2m 53s
build	Build with Gradle	2026-01-10T14:54:57.6007084Z 79 actionable tasks: 75 executed, 4 from cache
build	Get Metadata	﻿2026-01-10T14:54:57.9810273Z ##[group]Run VERSION_NAME=$(grep "versionName =" app/build.gradle | head -n 1 | awk -F'"' '{print $2}')
build	Get Metadata	2026-01-10T14:54:57.9810984Z [36;1mVERSION_NAME=$(grep "versionName =" app/build.gradle | head -n 1 | awk -F'"' '{print $2}')[0m
build	Get Metadata	2026-01-10T14:54:57.9811597Z [36;1mVERSION_CODE=$(grep "versionCode =" app/build.gradle | head -n 1 | awk '{print $3}')[0m
build	Get Metadata	2026-01-10T14:54:57.9812057Z [36;1mecho "VERSION_NAME=$VERSION_NAME" >> $GITHUB_ENV[0m
build	Get Metadata	2026-01-10T14:54:57.9812408Z [36;1mecho "VERSION_CODE=$VERSION_CODE" >> $GITHUB_ENV[0m
build	Get Metadata	2026-01-10T14:54:57.9844918Z shell: /usr/bin/bash -e {0}
build	Get Metadata	2026-01-10T14:54:57.9845143Z env:
build	Get Metadata	2026-01-10T14:54:57.9845424Z   JAVA_HOME: /opt/hostedtoolcache/Java_Temurin-Hotspot_jdk/17.0.17-10/x64
build	Get Metadata	2026-01-10T14:54:57.9845896Z   JAVA_HOME_17_X64: /opt/hostedtoolcache/Java_Temurin-Hotspot_jdk/17.0.17-10/x64
build	Get Metadata	2026-01-10T14:54:57.9846271Z   GRADLE_BUILD_ACTION_SETUP_COMPLETED: true
build	Get Metadata	2026-01-10T14:54:57.9846721Z   GRADLE_BUILD_ACTION_CACHE_RESTORED: true
build	Get Metadata	2026-01-10T14:54:57.9847186Z   DEVELOCITY_INJECTION_INIT_SCRIPT_NAME: gradle-actions.inject-develocity.init.gradle
build	Get Metadata	2026-01-10T14:54:57.9847673Z   DEVELOCITY_AUTO_INJECTION_CUSTOM_VALUE: gradle-actions
build	Get Metadata	2026-01-10T14:54:57.9848007Z   GITHUB_DEPENDENCY_GRAPH_ENABLED: false
build	Get Metadata	2026-01-10T14:54:57.9848235Z ##[endgroup]
build	Rename APK	﻿2026-01-10T14:54:57.9997660Z ##[group]Run mv app/build/outputs/apk/release/*.apk app/build/outputs/apk/release/eu.kanade.tachiyomi.animeextension.all.iccftp-v14.1013-c1013.apk
build	Rename APK	2026-01-10T14:54:57.9998732Z [36;1mmv app/build/outputs/apk/release/*.apk app/build/outputs/apk/release/eu.kanade.tachiyomi.animeextension.all.iccftp-v14.1013-c1013.apk[0m
build	Rename APK	2026-01-10T14:54:58.0028530Z shell: /usr/bin/bash -e {0}
build	Rename APK	2026-01-10T14:54:58.0028755Z env:
build	Rename APK	2026-01-10T14:54:58.0029038Z   JAVA_HOME: /opt/hostedtoolcache/Java_Temurin-Hotspot_jdk/17.0.17-10/x64
build	Rename APK	2026-01-10T14:54:58.0029504Z   JAVA_HOME_17_X64: /opt/hostedtoolcache/Java_Temurin-Hotspot_jdk/17.0.17-10/x64
build	Rename APK	2026-01-10T14:54:58.0029918Z   GRADLE_BUILD_ACTION_SETUP_COMPLETED: true
build	Rename APK	2026-01-10T14:54:58.0030201Z   GRADLE_BUILD_ACTION_CACHE_RESTORED: true
build	Rename APK	2026-01-10T14:54:58.0030624Z   DEVELOCITY_INJECTION_INIT_SCRIPT_NAME: gradle-actions.inject-develocity.init.gradle
build	Rename APK	2026-01-10T14:54:58.0031299Z   DEVELOCITY_AUTO_INJECTION_CUSTOM_VALUE: gradle-actions
build	Rename APK	2026-01-10T14:54:58.0031603Z   GITHUB_DEPENDENCY_GRAPH_ENABLED: false
build	Rename APK	2026-01-10T14:54:58.0031869Z   VERSION_NAME: 14.1013
build	Rename APK	2026-01-10T14:54:58.0032059Z   VERSION_CODE: 1013
build	Rename APK	2026-01-10T14:54:58.0032231Z ##[endgroup]
build	Create Release	﻿2026-01-10T14:54:58.0163658Z ##[group]Run softprops/action-gh-release@v2
build	Create Release	2026-01-10T14:54:58.0163959Z with:
build	Create Release	2026-01-10T14:54:58.0164121Z   tag_name: v14.1013
build	Create Release	2026-01-10T14:54:58.0164317Z   name: Release v14.1013
build	Create Release	2026-01-10T14:54:58.0164775Z   files: app/build/outputs/apk/release/eu.kanade.tachiyomi.animeextension.all.iccftp-v14.1013-c1013.apk
build	Create Release	
build	Create Release	2026-01-10T14:54:58.0165281Z   draft: false
build	Create Release	2026-01-10T14:54:58.0165463Z   prerelease: false
build	Create Release	2026-01-10T14:54:58.0165654Z   generate_release_notes: true
build	Create Release	2026-01-10T14:54:58.0165871Z   make_latest: true
build	Create Release	2026-01-10T14:54:58.0166051Z   overwrite_files: true
build	Create Release	2026-01-10T14:54:58.0166349Z   token: ***
build	Create Release	2026-01-10T14:54:58.0166747Z env:
build	Create Release	2026-01-10T14:54:58.0167044Z   JAVA_HOME: /opt/hostedtoolcache/Java_Temurin-Hotspot_jdk/17.0.17-10/x64
build	Create Release	2026-01-10T14:54:58.0167523Z   JAVA_HOME_17_X64: /opt/hostedtoolcache/Java_Temurin-Hotspot_jdk/17.0.17-10/x64
build	Create Release	2026-01-10T14:54:58.0167897Z   GRADLE_BUILD_ACTION_SETUP_COMPLETED: true
build	Create Release	2026-01-10T14:54:58.0168171Z   GRADLE_BUILD_ACTION_CACHE_RESTORED: true
build	Create Release	2026-01-10T14:54:58.0168606Z   DEVELOCITY_INJECTION_INIT_SCRIPT_NAME: gradle-actions.inject-develocity.init.gradle
build	Create Release	2026-01-10T14:54:58.0169072Z   DEVELOCITY_AUTO_INJECTION_CUSTOM_VALUE: gradle-actions
build	Create Release	2026-01-10T14:54:58.0169375Z   GITHUB_DEPENDENCY_GRAPH_ENABLED: false
build	Create Release	2026-01-10T14:54:58.0169621Z   VERSION_NAME: 14.1013
build	Create Release	2026-01-10T14:54:58.0169808Z   VERSION_CODE: 1013
build	Create Release	2026-01-10T14:54:58.0170094Z   GITHUB_TOKEN: ***
build	Create Release	2026-01-10T14:54:58.0170272Z ##[endgroup]
build	Create Release	2026-01-10T14:54:58.4189809Z 👩‍🏭 Creating new GitHub release for tag v14.1013...
build	Create Release	2026-01-10T14:54:58.8561848Z ⬆️ Uploading eu.kanade.tachiyomi.animeextension.all.iccftp-v14.1013-c1013.apk...
build	Create Release	2026-01-10T14:54:59.3968318Z ✅ Uploaded eu.kanade.tachiyomi.animeextension.all.iccftp-v14.1013-c1013.apk
build	Create Release	2026-01-10T14:54:59.3978551Z Finalizing release...
build	Create Release	2026-01-10T14:54:59.9700072Z 🎉 Release ready at https://github.com/salmanbappi/icc-ftp/releases/tag/v14.1013
build	Update Extension Repo	﻿2026-01-10T14:54:59.9820101Z ##[group]Run # This requires a secret named 'GH_PAT' with repo scope
build	Update Extension Repo	2026-01-10T14:54:59.9820945Z [36;1m# This requires a secret named 'GH_PAT' with repo scope[0m
build	Update Extension Repo	2026-01-10T14:54:59.9821522Z [36;1mif [ -n "" ]; then[0m
build	Update Extension Repo	2026-01-10T14:54:59.9822120Z [36;1m  git clone https://@github.com/salmanbappi/extensions-repo.git repo_tmp[0m
build	Update Extension Repo	2026-01-10T14:54:59.9822923Z [36;1m  cp app/build/outputs/apk/release/*.apk repo_tmp/apk/[0m
build	Update Extension Repo	2026-01-10T14:54:59.9823473Z [36;1m  cd repo_tmp[0m
build	Update Extension Repo	2026-01-10T14:54:59.9823838Z [36;1m  python3 generate_repo.py[0m
build	Update Extension Repo	2026-01-10T14:54:59.9824333Z [36;1m  git add apk/*.apk index.min.json repo.json[0m
build	Update Extension Repo	2026-01-10T14:54:59.9824866Z [36;1m  git config user.name "GitHub Action"[0m
build	Update Extension Repo	2026-01-10T14:54:59.9825457Z [36;1m  git config user.email "action@github.com"[0m
build	Update Extension Repo	2026-01-10T14:54:59.9825807Z [36;1m  git commit -m "Update ICC FTP to v14.1013"[0m
build	Update Extension Repo	2026-01-10T14:54:59.9826085Z [36;1m  git push[0m
build	Update Extension Repo	2026-01-10T14:54:59.9826272Z [36;1melse[0m
build	Update Extension Repo	2026-01-10T14:54:59.9826741Z [36;1m  echo "Secret 'PAT' not found. Skipping extension repo update."[0m
build	Update Extension Repo	2026-01-10T14:54:59.9827302Z [36;1m  echo "Please add a secret named 'PAT' with 'repo' scope to enable automatic repo updates."[0m
build	Update Extension Repo	2026-01-10T14:54:59.9827736Z [36;1mfi[0m
build	Update Extension Repo	2026-01-10T14:54:59.9859989Z shell: /usr/bin/bash -e {0}
build	Update Extension Repo	2026-01-10T14:54:59.9860228Z env:
build	Update Extension Repo	2026-01-10T14:54:59.9860512Z   JAVA_HOME: /opt/hostedtoolcache/Java_Temurin-Hotspot_jdk/17.0.17-10/x64
build	Update Extension Repo	2026-01-10T14:54:59.9860989Z   JAVA_HOME_17_X64: /opt/hostedtoolcache/Java_Temurin-Hotspot_jdk/17.0.17-10/x64
build	Update Extension Repo	2026-01-10T14:54:59.9861366Z   GRADLE_BUILD_ACTION_SETUP_COMPLETED: true
build	Update Extension Repo	2026-01-10T14:54:59.9861647Z   GRADLE_BUILD_ACTION_CACHE_RESTORED: true
build	Update Extension Repo	2026-01-10T14:54:59.9862049Z   DEVELOCITY_INJECTION_INIT_SCRIPT_NAME: gradle-actions.inject-develocity.init.gradle
build	Update Extension Repo	2026-01-10T14:54:59.9862711Z   DEVELOCITY_AUTO_INJECTION_CUSTOM_VALUE: gradle-actions
build	Update Extension Repo	2026-01-10T14:54:59.9863016Z   GITHUB_DEPENDENCY_GRAPH_ENABLED: false
build	Update Extension Repo	2026-01-10T14:54:59.9863256Z   VERSION_NAME: 14.1013
build	Update Extension Repo	2026-01-10T14:54:59.9863460Z   VERSION_CODE: 1013
build	Update Extension Repo	2026-01-10T14:54:59.9863636Z ##[endgroup]
build	Update Extension Repo	2026-01-10T14:54:59.9914692Z Secret 'PAT' not found. Skipping extension repo update.
build	Update Extension Repo	2026-01-10T14:54:59.9915300Z Please add a secret named 'PAT' with 'repo' scope to enable automatic repo updates.
build	Post Build with Gradle	﻿2026-01-10T14:55:00.0084379Z Post job cleanup.
build	Post Build with Gradle	2026-01-10T14:55:00.0142098Z Post job cleanup.
build	Post Build with Gradle	2026-01-10T14:55:00.2557709Z ##[warning]This job uses deprecated functionality from the 'gradle/gradle-build-action' action. Consult the Job Summary for more details.
build	Post Build with Gradle	2026-01-10T14:55:00.2560766Z DEPRECATION: The action `gradle/gradle-build-action` has been replaced by `gradle/actions/setup-gradle`. See https://github.com/gradle/actions/blob/main/docs/deprecation-upgrade-guide.md#the-action-gradlegradle-build-action-has-been-replaced-by-gradleactionssetup-gradle
build	Post Build with Gradle	2026-01-10T14:55:00.2564519Z DEPRECATION: Using the action to execute Gradle via the `arguments` parameter is deprecated. See https://github.com/gradle/actions/blob/main/docs/deprecation-upgrade-guide.md#using-the-action-to-execute-gradle-via-the-arguments-parameter-is-deprecated
build	Post Build with Gradle	2026-01-10T14:55:00.2566766Z In post-action step
build	Post Build with Gradle	2026-01-10T14:55:00.2567875Z Stopping all Gradle daemons before saving Gradle User Home state
build	Post Build with Gradle	2026-01-10T14:55:00.2569216Z Stopping Gradle daemons for /home/runner/gradle-installations/installs/gradle-8.5
build	Post Build with Gradle	2026-01-10T14:55:00.2587734Z [command]/home/runner/gradle-installations/installs/gradle-8.5/bin/gradle --stop
build	Post Build with Gradle	2026-01-10T14:55:01.1218799Z Stopping Daemon(s)
build	Post Build with Gradle	2026-01-10T14:55:01.1220663Z 1 Daemon stopped
build	Post Build with Gradle	2026-01-10T14:55:01.1484461Z ##[group]Caching Gradle state
build	Post Build with Gradle	2026-01-10T14:55:01.1786192Z Caching generated-gradle-jars with path '/home/runner/.gradle/caches/8.5/generated-gradle-jars/gradle-api-8.5.jar' and cache key: gradle-generated-gradle-jars-v1-fa001ab82c3596b4e27ec78f191b889f
build	Post Build with Gradle	2026-01-10T14:55:01.1931460Z [command]/usr/bin/tar --posix -cf cache.tzst --exclude cache.tzst -P -C /home/runner/work/icc-ftp/icc-ftp --files-from manifest.txt --use-compress-program zstdmt
build	Post Build with Gradle	2026-01-10T14:55:01.5735531Z Caching dependencies with path '/home/runner/.gradle/caches/modules-*/files-*/*/*/*/*' and cache key: gradle-dependencies-v1-33fdc5239f85d3c032e788ddc5de6216
build	Post Build with Gradle	2026-01-10T14:55:01.6959176Z Caching instrumented-jars with path '/home/runner/.gradle/caches/jars-*/*/' and cache key: gradle-instrumented-jars-v1-86399f02c9caf87d624ece572a704076
build	Post Build with Gradle	2026-01-10T14:55:01.7298089Z Caching kotlin-dsl with path '/home/runner/.gradle/caches/*/kotlin-dsl/accessors/*/
build	Post Build with Gradle	2026-01-10T14:55:01.7299737Z /home/runner/.gradle/caches/*/kotlin-dsl/scripts/*/' and cache key: gradle-kotlin-dsl-v1-5cf2ac86898ee083e5b0ca4c53748349
build	Post Build with Gradle	2026-01-10T14:55:01.8049360Z [command]/usr/bin/tar --posix -cf cache.tzst --exclude cache.tzst -P -C /home/runner/work/icc-ftp/icc-ftp --files-from manifest.txt --use-compress-program zstdmt
build	Post Build with Gradle	2026-01-10T14:55:01.8391470Z ##[warning]Failed to save cache entry with path '/home/runner/.gradle/caches/8.5/generated-gradle-jars/gradle-api-8.5.jar' and key: gradle-generated-gradle-jars-v1-fa001ab82c3596b4e27ec78f191b889f: Error: <h2>Our services aren't available right now</h2><p>We're working to restore all services as soon as possible. Please check back soon.</p>0RWhiaQAAAADOn5F5Le37T6obl9je6v2yUEhMMzBFREdFMDIxMABFZGdl
build	Post Build with Gradle	2026-01-10T14:55:01.9060630Z [command]/usr/bin/tar --posix -cf cache.tzst --exclude cache.tzst -P -C /home/runner/work/icc-ftp/icc-ftp --files-from manifest.txt --use-compress-program zstdmt
build	Post Build with Gradle	2026-01-10T14:55:01.9241009Z ##[warning]Failed to save cache entry with path '/home/runner/.gradle/caches/*/kotlin-dsl/accessors/*/
build	Post Build with Gradle	/home/runner/.gradle/caches/*/kotlin-dsl/scripts/*/' and key: gradle-kotlin-dsl-v1-5cf2ac86898ee083e5b0ca4c53748349: Error: <h2>Our services aren't available right now</h2><p>We're working to restore all services as soon as possible. Please check back soon.</p>0RWhiaQAAAAD8ID78Uxc9R6EB+I8IdXISUEhMMzBFREdFMDExOABFZGdl
build	Post Build with Gradle	2026-01-10T14:55:02.2936068Z [command]/usr/bin/tar --posix -cf cache.tzst --exclude cache.tzst -P -C /home/runner/work/icc-ftp/icc-ftp --files-from manifest.txt --use-compress-program zstdmt
build	Post Build with Gradle	2026-01-10T14:55:04.0234924Z ##[warning]Failed to save cache entry with path '/home/runner/.gradle/caches/modules-*/files-*/*/*/*/*' and key: gradle-dependencies-v1-33fdc5239f85d3c032e788ddc5de6216: Error: <h2>Our services aren't available right now</h2><p>We're working to restore all services as soon as possible. Please check back soon.</p>0R2hiaQAAAAAV69NkaGmaSqaX+GGmNMLzUEhMMzBFREdFMDIwNgBFZGdl
build	Post Build with Gradle	2026-01-10T14:55:04.5285196Z ##[warning]Failed to save cache entry with path '/home/runner/.gradle/caches/jars-*/*/' and key: gradle-instrumented-jars-v1-86399f02c9caf87d624ece572a704076: Error: <h2>Our services aren't available right now</h2><p>We're working to restore all services as soon as possible. Please check back soon.</p>0SGhiaQAAAADcUc9Yf86kTJq2XzJbgMHvUEhMMzBFREdFMDExOABFZGdl
build	Post Build with Gradle	2026-01-10T14:55:04.7043827Z Caching Gradle User Home with cache key: gradle-home-v1|Linux|build[057a865336df404a31c075465d1b92dd]-70bb82a95396a55359167b0c2f70831962e2257d
build	Post Build with Gradle	2026-01-10T14:55:04.7122462Z [command]/usr/bin/tar --posix -cf cache.tzst --exclude cache.tzst -P -C /home/runner/work/icc-ftp/icc-ftp --files-from manifest.txt --use-compress-program zstdmt
build	Post Build with Gradle	2026-01-10T14:55:05.0504673Z ##[warning]Failed to save cache entry with path '/home/runner/.gradle/caches,/home/runner/.gradle/notifications,/home/runner/.gradle/.setup-gradle' and key: gradle-home-v1|Linux|build[057a865336df404a31c075465d1b92dd]-70bb82a95396a55359167b0c2f70831962e2257d: Error: <h2>Our services aren't available right now</h2><p>We're working to restore all services as soon as possible. Please check back soon.</p>0SWhiaQAAAADfsMe+vpAdQ5uFxH8fogTyUEhMMzBFREdFMDQxMgBFZGdl
build	Post Build with Gradle	2026-01-10T14:55:05.0508639Z ##[endgroup]
build	Post Build with Gradle	2026-01-10T14:55:05.0508977Z Generating Job Summary
build	Post Build with Gradle	2026-01-10T14:55:05.0517656Z Completed post-action step
build	Post Set up JDK 17	﻿2026-01-10T14:55:05.0686803Z Post job cleanup.
build	Post Set up JDK 17	2026-01-10T14:55:05.2527435Z [command]/usr/bin/tar --posix -cf cache.tzst --exclude cache.tzst -P -C /home/runner/work/icc-ftp/icc-ftp --files-from manifest.txt --use-compress-program zstdmt
build	Post Set up JDK 17	2026-01-10T14:55:06.2015289Z Sent 28986651 of 28986651 (100.0%), 51.0 MBs/sec
build	Post Set up JDK 17	2026-01-10T14:55:06.2808614Z Cache saved with the key: setup-java-Linux-x64-gradle-3509f5822d57e4eb062af34645df69329c71a0b559e3e4ab4170db72c5f59744
build	Post Checkout code	﻿2026-01-10T14:55:06.2949865Z Post job cleanup.
build	Post Checkout code	2026-01-10T14:55:06.3888688Z [command]/usr/bin/git version
build	Post Checkout code	2026-01-10T14:55:06.3924145Z git version 2.52.0
build	Post Checkout code	2026-01-10T14:55:06.3962422Z Copying '/home/runner/.gitconfig' to '/home/runner/work/_temp/1154e72c-c1d6-40a4-ba3b-fae19c2c0442/.gitconfig'
build	Post Checkout code	2026-01-10T14:55:06.3972625Z Temporarily overriding HOME='/home/runner/work/_temp/1154e72c-c1d6-40a4-ba3b-fae19c2c0442' before making global git config changes
build	Post Checkout code	2026-01-10T14:55:06.3973992Z Adding repository directory to the temporary git global config as a safe directory
build	Post Checkout code	2026-01-10T14:55:06.3979190Z [command]/usr/bin/git config --global --add safe.directory /home/runner/work/icc-ftp/icc-ftp
build	Post Checkout code	2026-01-10T14:55:06.4014461Z [command]/usr/bin/git config --local --name-only --get-regexp core\.sshCommand
build	Post Checkout code	2026-01-10T14:55:06.4046329Z [command]/usr/bin/git submodule foreach --recursive sh -c "git config --local --name-only --get-regexp 'core\.sshCommand' && git config --local --unset-all 'core.sshCommand' || :"
build	Post Checkout code	2026-01-10T14:55:06.4277055Z [command]/usr/bin/git config --local --name-only --get-regexp http\.https\:\/\/github\.com\/\.extraheader
build	Post Checkout code	2026-01-10T14:55:06.4297276Z http.https://github.com/.extraheader
build	Post Checkout code	2026-01-10T14:55:06.4310377Z [command]/usr/bin/git config --local --unset-all http.https://github.com/.extraheader
build	Post Checkout code	2026-01-10T14:55:06.4341080Z [command]/usr/bin/git submodule foreach --recursive sh -c "git config --local --name-only --get-regexp 'http\.https\:\/\/github\.com\/\.extraheader' && git config --local --unset-all 'http.https://github.com/.extraheader' || :"
build	Post Checkout code	2026-01-10T14:55:06.4565294Z [command]/usr/bin/git config --local --name-only --get-regexp ^includeIf\.gitdir:
build	Post Checkout code	2026-01-10T14:55:06.4595550Z [command]/usr/bin/git submodule foreach --recursive git config --local --show-origin --name-only --get-regexp remote.origin.url
build	Complete job	﻿2026-01-10T14:55:06.4922454Z Cleaning up orphan processes
